// Jest Snapshot v1, https://goo.gl/fbAQLP

exports[`matches the snapshot 1`] = `
initialize {
  "0": Object {
    "attribs": Object {},
    "children": Array [
      Object {
        "attribs": Object {
          "class": "sc-bdVaJa cruMCr",
          "src": "logo.svg",
        },
        "children": Array [],
        "name": "img",
        "next": null,
        "parent": null,
        "prev": null,
        "root": [Circular],
        "type": "tag",
      },
    ],
    "name": "root",
    "next": null,
    "parent": null,
    "prev": null,
    "type": "root",
  },
  "_root": [Circular],
  "length": 1,
  "options": Object {
    "decodeEntities": true,
    "normalizeWhitespace": false,
    "withDomLvl1": true,
    "xmlMode": false,
  },
}
`;
